<?xml version="1.0" encoding="utf-8"?><testsuites><testsuite name="pytest" errors="1" failures="0" skipped="0" tests="1" time="0.103" timestamp="2022-11-09T13:18:35.847816" hostname="EPPLWROW0401"><testcase classname="" name="test_test" time="0.000"><error message="collection failure">ImportError while importing test module 'C:\Users\Volha_Bykhautsova\OneDrive - EPAM\learn\intermediate_dqe\module 4\pythonProjectPytest\test_test.py'.
Hint: make sure your test modules/packages have valid Python names.
Traceback:
..\..\..\..\..\AppData\Local\Programs\Python\Python311\Lib\importlib\__init__.py:126: in import_module
    return _bootstrap._gcd_import(name[level:], package, level)
test_test.py:1: in &lt;module&gt;
    import pymssql
E   ModuleNotFoundError: No module named 'pymssql'</error></testcase></testsuite></testsuites>